../Core/Src/fsm.c:13:6:setEnviromentStateInit	4	static
../Core/Src/fsm.c:32:6:setEnviromentState0	8	static
../Core/Src/fsm.c:83:6:setEnviromentState1	4	static
../Core/Src/fsm.c:87:6:setEnviromentState2	4	static
../Core/Src/fsm.c:93:6:setEnviromentState3	4	static
../Core/Src/fsm.c:98:6:setEnviromentState4	8	static
../Core/Src/fsm.c:110:6:setEnviromentState5	8	static
../Core/Src/fsm.c:120:6:setEnviromentState6	8	static
../Core/Src/fsm.c:130:6:doState0	8	static
../Core/Src/fsm.c:151:6:doState1	8	static
../Core/Src/fsm.c:168:6:doState2	8	static
../Core/Src/fsm.c:185:6:doState3	8	static
../Core/Src/fsm.c:202:6:doState4	8	static
../Core/Src/fsm.c:230:6:doState5	8	static
../Core/Src/fsm.c:259:6:doState6	8	static
../Core/Src/fsm.c:288:6:fsm_automatic	8	static
../Core/Src/fsm.c:349:6:fsm_manual	8	static
../Core/Src/fsm.c:382:6:fsm_setting	4	static
