../Core/Src/fsm.c:13:6:setEnviromentStateInit	4	static
../Core/Src/fsm.c:32:6:setEnviromentState0	4	static
../Core/Src/fsm.c:63:6:setEnviromentState1	4	static
../Core/Src/fsm.c:67:6:setEnviromentState2	4	static
../Core/Src/fsm.c:73:6:setEnviromentState3	4	static
../Core/Src/fsm.c:78:6:setEnviromentState4	4	static
../Core/Src/fsm.c:88:6:setEnviromentState5	4	static
../Core/Src/fsm.c:96:6:setEnviromentState6	4	static
../Core/Src/fsm.c:104:6:doState0	8	static
../Core/Src/fsm.c:125:6:doState1	8	static
../Core/Src/fsm.c:142:6:doState2	8	static
../Core/Src/fsm.c:159:6:doState3	8	static
../Core/Src/fsm.c:176:6:doState4	8	static
../Core/Src/fsm.c:204:6:doState5	8	static
../Core/Src/fsm.c:233:6:doState6	8	static
../Core/Src/fsm.c:262:6:fsm_automatic	8	static
../Core/Src/fsm.c:323:6:fsm_manual	8	static
../Core/Src/fsm.c:356:6:fsm_setting	4	static
